******************************************************************************
              TMS320C55x Linker PC v4.4.1                      
******************************************************************************
>> Linked Wed Feb 20 15:11:41 2019

OUTPUT FILE NAME:   <EQ.out>
ENTRY POINT SYMBOL: "_c_int00"  address: 00027588


MEMORY CONFIGURATION

         name            origin    length      used     unused   attr    fill
                        (bytes)   (bytes)    (bytes)   (bytes)
----------------------  --------  ---------  --------  --------  ----  --------
PAGE 0:
  MMR                   00000000   000000c0  00000000  000000c0  RWIX
  DARAM0                000000c0   0000ff40  000066d4  0000986c  RWIX
  SARAM0                00010000   00010000  00000000  00010000  RWIX
  SARAM1                00020000   00020000  000076aa  00018956  RWIX
  SARAM2                00040000   0000fe00  00000360  0000faa0  RWIX
  VECS                  0004fe00   00000200  00000200  00000000  RWIX
  PDROM                 00ff8000   00008000  00000000  00008000  R IX

PAGE 2:
  IOPORT                00000000   00020000  00000000  00020000  RWI 


SECTION ALLOCATION MAP
(Addresses surrounded by []'s are displayed for convenience only!)

output                                                          attributes/
section   page  orgn(bytes) orgn(words) len(bytes) len(words)   input sections
--------  ----  ----------- ----------- ---------- ----------   --------------
.pinit       0   [ 00040000 ]  00020000          *   00000000   UNINITIALIZED

.stack       0   [ 000000c0 ]  00000060          *   00001000   UNINITIALIZED
                 [ 000000c0 ]  00000060          *   00001000   --HOLE--

.data        0   [ 000000c0 ]  00000060          *   00000000   UNINITIALIZED

.sysstack 
*            0   [ 000020c0 ]  00001060          *   00000800   UNINITIALIZED
                 [ 000020c0 ]  00001060          *   00000800   --HOLE--

.sysmem      0   [ 000030c0 ]  00001860          *   00001000   UNINITIALIZED
                 [ 000030c0 ]  00001860          *   00001000   --HOLE--

.bss.1       0   [ 000050c0 ]  00002860          *   00000813   UNINITIALIZED
                 [ 000050c0 ]  00002860          *   00000408   ezdsp5535_aic3204_dma.obj (.bss)
                 [ 000058d0 ]  00002c68          *   00000119   rts55x.lib : defs.obj (.bss)
                 [ 00005b02 ]  00002d81          *   00000002   aic3204.obj (.bss)
                 [ 00005b06 ]  00002d83          *   00000001   rts55x.lib : fopen.obj (.bss)
                 [ 00005b08 ]  00002d84          *   00000100   main.obj (.bss)
                 [ 00005d08 ]  00002e84          *   000000d0   rts55x.lib : trgdrv.obj (.bss)
                 [ 00005ea8 ]  00002f54          *   00000084   cslVC5505.lib : csl_intc.obj (.bss)
                 [ 00005fb0 ]  00002fd8          *   00000071   rts55x.lib : lowlev.obj (.bss)
                 [ 00006092 ]  00003049          *   0000002a   cslVC5505.lib : csl_i2s.obj (.bss)

.bss.2       0   [ 000060e8 ]  00003074          *   00000026   UNINITIALIZED
                 [ 000060e8 ]  00003074          *   00000012   cslVC5505.lib : csl_i2c.obj (.bss)
                 [ 0000610c ]  00003086          *   00000006   rts55x.lib : memory.obj (.bss)
                 [ 00006118 ]  0000308c          *   00000004   ezdsp5535bsl.lib : ezdsp5535_gpio.obj (.bss)
                 [ 00006120 ]  00003090          *   00000004   rts55x.lib : _lock.obj (.bss)
                 [ 00006128 ]  00003094          *   00000004              : exit.obj (.bss)
                 [ 00006130 ]  00003098          *   00000002   ezdsp5535bsl.lib : ezdsp5535_i2s.obj (.bss)

.const.1     0   [ 00006134 ]  0000309a          *   00000319   
                 [ 00006134 ]  0000309a          *   00000174   aic3204_init.obj (.const:.string)
                 [ 0000641c ]  0000320e          *   00000101   rts55x.lib : ctype.obj (.const:__ctypes_)
                 [ 0000661e ]  0000330f          *   00000060   print_number.obj (.const:_consolas_8ptBitmaps)
                 [ 000066de ]  0000336f          *   00000001   print_number.obj (.const)
                 [ 000066e0 ]  00003370          *   00000024   rts55x.lib : _printfi.obj (.const:.string)
                 [ 00006728 ]  00003394          *   0000001f   main.obj (.const:.string)

.const.2     0   [ 00006768 ]  000033b4          *   00000018   
                 [ 00006768 ]  000033b4          *   0000000c   rts55x.lib : _printfi.obj (.const)
                 [ 00006780 ]  000033c0          *   00000008              : divd.obj (.const:_initial_approx$1)
                 [ 00006790 ]  000033c8          *   00000002              : fputs.obj (.const:.string)
                 [ 00006794 ]  000033ca          *   00000002              : fltlid.obj (.const)

.text        0     00020000  [ 00010000 ] 000076aa          *   
                   00020000  [ 00010000 ] 000015a4          *   rts55x.lib : _printfi.obj (.text)
                   000215a4  [ 00010ad2 ] 00000c3c          *   cslVC5505.lib : csl_i2c.obj (.text)
                   000221e0  [ 000110f0 ] 000009f3          *                 : csl_i2s.obj (.text)
                   00022bd3  [ 000115e9+] 0000068d          *                 : csl_gpio.obj (.text)
                   00023260  [ 00011930 ] 000005b5          *   aic3204_init.obj (.text)
                   00023815  [ 00011c0a+] 00000554          *   cslVC5505.lib : csl_intc.obj (.text)
                   00023d69  [ 00011eb4+] 00000543          *   rts55x.lib : lowlev.obj (.text)
                   000242ac  [ 00012156 ] 00000528          *              : trgdrv.obj (.text)
                   000247d4  [ 000123ea ] 000004b5          *              : memory.obj (.text)
                   00024c89  [ 00012644+] 000003cc          *              : divd.obj (.text)
                   00025055  [ 0001282a+] 0000031b          *   ezdsp5535_aic3204_dma.obj (.text)
                   00025370  [ 000129b8 ] 000002d2          *   print_number.obj (.text)
                   00025642  [ 00012b21 ] 0000027f          *   rts55x.lib : fopen.obj (.text)
                   000258c1  [ 00012c60+] 0000025e          *              : llmpy.obj (.text)
                   00025b1f  [ 00012d8f+] 0000025a          *              : addd.obj (.text)
                   00025d79  [ 00012ebc+] 000001ea          *              : cmpd.obj (.text)
                   00025f63  [ 00012fb1+] 00000192          *   ezdsp5535bsl.lib : ezdsp5535_lcd.obj (.text)
                   000260f5  [ 0001307a+] 00000163          *   rts55x.lib : fputs.obj (.text)
                   00026258  [ 0001312c ] 0000014c          *              : mpyd.obj (.text)
                   000263a4  [ 000131d2 ] 00000120          *   iir.obj (.text)
                   000264c4  [ 00013262 ] 00000107          *   ezdsp5535bsl.lib : ezdsp5535_i2s.obj (.text)
                   000265cb  [ 000132e5+] 000000e6          *   rts55x.lib : setvbuf.obj (.text)
                   000266b1  [ 00013358+] 000000dd          *              : _io_perm.obj (.text)
                   0002678e  [ 000133c7 ] 000000cc          *   ezdsp5535_aic3204_dma.obj (.text:retain)
                   0002685a  [ 0001342d ] 000000c3          *   aic3204.obj (.text)
                   0002691d  [ 0001348e+] 000000c2          *   rts55x.lib : fflush.obj (.text)
                   000269df  [ 000134ef+] 000000ba          *              : trgmsg.obj (.text:CIO_breakpoint)
                   00026a99  [ 0001354c+] 000000a6          *   processing.obj (.text)
                   00026b3f  [ 0001359f+] 000000a6          *   rts55x.lib : fputc.obj (.text)
                   00026be5  [ 000135f2+] 000000a1          *              : divul.obj (.text)
                   00026c86  [ 00013643 ] 0000008e          *   ezdsp5535bsl.lib : ezdsp5535_i2c.obj (.text)
                   00026d14  [ 0001368a ] 0000008c          *   cslVC5505.lib : csl_irqplug.obj (.text)
                   00026da0  [ 000136d0 ] 00000087          *   ezdsp5535bsl.lib : ezdsp5535_gpio.obj (.text)
                   00026e27  [ 00013713+] 0000007d          *   rts55x.lib : ltoa.obj (.text)
                   00026ea4  [ 00013752 ] 0000007b          *              : fclose.obj (.text)
                   00026f1f  [ 0001378f+] 00000076          *              : frcmpyd.obj (.text)
                   00026f95  [ 000137ca+] 00000073          *              : frcmpyd_div.obj (.text)
                   00027008  [ 00013804 ] 00000072          *              : remul.obj (.text)
                   0002707a  [ 0001383d ] 0000006f          *              : fixdli.obj (.text)
                   000270e9  [ 00013874+] 0000006d          *   cslVC5505.lib : vectors.obj (.text)
                   00027156  [ 000138ab ] 0000006d          *   rts55x.lib : trgmsg.obj (.text)
                   000271c3  [ 000138e1+] 0000006b          *              : fseek.obj (.text)
                   0002722e  [ 00013917 ] 00000067          *              : fltlid.obj (.text)
                   00027295  [ 0001394a+] 0000005c          *              : atoi.obj (.text)
                   000272f1  [ 00013978+] 00000054          *   ezdsp5535bsl.lib : ezdsp5535.obj (.text)
                   00027345  [ 000139a2+] 00000050          *   rts55x.lib : printf.obj (.text)
                   00027395  [ 000139ca+] 0000004d          *              : autoinit.obj (.text)
                   000273e2  [ 000139f1 ] 0000004b          *   main.obj (.text)
                   0002742d  [ 00013a16+] 0000004b          *   rts55x.lib : args_main.obj (.text)
                   00027478  [ 00013a3c ] 0000004b          *              : remli.obj (.text)
                   000274c3  [ 00013a61+] 00000048          *              : divli.obj (.text)
                   0002750b  [ 00013a85+] 0000003f          *              : memcpy.obj (.text)
                   0002754a  [ 00013aa5 ] 0000003e          *              : exit.obj (.text)
                   00027588  [ 00013ac4 ] 00000034          *              : boot.obj (.text)
                   000275bc  [ 00013ade ] 0000002a          *              : fixdi.obj (.text)
                   000275e6  [ 00013af3 ] 0000002a          *              : udiv.obj (.text)
                   00027610  [ 00013b08 ] 00000023          *              : memccpy.obj (.text)
                   00027633  [ 00013b19+] 0000001a          *              : isinf.obj (.text)
                   0002764d  [ 00013b26+] 00000014          *              : subd.obj (.text)
                   00027661  [ 00013b30+] 00000013          *              : lmpy.obj (.text)
                   00027674  [ 00013b3a ] 00000012          *              : _lock.obj (.text)
                   00027686  [ 00013b43 ] 00000010          *              : negd.obj (.text)
                   00027696  [ 00013b4b ] 0000000a          *              : remove.obj (.text)
                   000276a0  [ 00013b50 ] 00000007          *              : exit.obj (.text:CIO_breakpoint)
                   000276a7  [ 00013b53+] 00000002          *              : vectors.obj (.text)
                   000276a9  [ 00013b54 ] 00000001          *   --HOLE-- [fill = 20]

.cio         0   [ 00040000 ]  00020000          *   00000120   UNINITIALIZED
                 [ 00040000 ]  00020000          *   00000120   rts55x.lib : trgmsg.obj (.cio)

.cinit       0   [ 00040240 ]  00020120          *   0000007c   
                 [ 00040240 ]  00020120          *   0000002d   rts55x.lib : lowlev.obj (.cinit)
                 [ 0004029a ]  0002014d          *   0000002a              : defs.obj (.cinit)
                 [ 000402ee ]  00020177          *   0000000a              : _lock.obj (.cinit)
                 [ 00040302 ]  00020181          *   0000000a              : exit.obj (.cinit)
                 [ 00040316 ]  0002018b          *   00000008   cslVC5505.lib : csl_i2s.obj (.cinit)
                 [ 00040326 ]  00020193          *   00000004   rts55x.lib : fopen.obj (.cinit)
                 [ 0004032e ]  00020197          *   00000004              : memory.obj (.cinit)
                 [ 00040336 ]  0002019b          *   00000001   --HOLE-- [fill = 0]

.switch      0   [ 00040338 ]  0002019c          *   00000014   
                 [ 00040338 ]  0002019c          *   00000014   print_number.obj (.switch:_printChar)

vectors      0     0004fe00  [ 00027f00 ] 00000200          *   
                   0004fe00  [ 00027f00 ] 00000100          *   cslVC5505.lib : vectors.obj (vectors)
                   0004ff00  [ 00027f80 ] 00000100          *   rts55x.lib : vectors.obj (vectors)


GLOBAL SYMBOLS: SORTED ALPHABETICALLY BY Name 

abs. value/
byte addr   word addr   name
---------   ---------   ----
00000002                $TI_capability$C5500$CallingConvention
00000002                $TI_capability$C5500$MemoryModel
00000001                $TI_capability_requires_rev3
ffffffff                .bss
ffffffff                .data
ffffffff                .text
000276a1                C$$EXIT
00026a94                C$$IO$$
00027661                I$$LMPY
000275e6                I$$UDIV
000275fb                I$$UMOD
0004fe00                RST
0002685a                _AIC3204_rget
000268a5                _AIC3204_rset
            00002868    _DMA_InputL
            00002968    _DMA_InputR
            00002a68    _DMA_OutputL
            00002b68    _DMA_OutputR
00026e09                _EZDSP5535_GPIO_getInput
00026da0                _EZDSP5535_GPIO_init
00026dcb                _EZDSP5535_GPIO_setDirection
00026def                _EZDSP5535_GPIO_setOutput
00026c86                _EZDSP5535_I2C_init
00026cec                _EZDSP5535_I2C_read
00026cbb                _EZDSP5535_I2C_reset
00026cc6                _EZDSP5535_I2C_write
000265b9                _EZDSP5535_I2S_close
000264c4                _EZDSP5535_I2S_init
0002651d                _EZDSP5535_I2S_readLeft
0002657c                _EZDSP5535_I2S_readRight
0002654f                _EZDSP5535_I2S_writeLeft
0002659d                _EZDSP5535_I2S_writeRight
00025fd6                _EZDSP5535_OSD9616_init
00025f8b                _EZDSP5535_OSD9616_multiSend
000260b8                _EZDSP5535_OSD9616_printLetter
00025f63                _EZDSP5535_OSD9616_send
00027337                _EZDSP5535_init
000272f1                _EZDSP5535_wait
00027325                _EZDSP5535_waitusec
000230be                _GPIO_clearInt
00022c17                _GPIO_close
00022c3b                _GPIO_config
00022e6e                _GPIO_configBit
00022fb6                _GPIO_disableInt
00023034                _GPIO_enableInt
00022cc0                _GPIO_getConfig
00022bd3                _GPIO_open
00022d48                _GPIO_read
000231d1                _GPIO_reset
0002314a                _GPIO_statusBit
00022dcb                _GPIO_write
            0000308c    _GpioObj
00024776                _HOSTclock
0002470b                _HOSTclose
00024656                _HOSTlseek
000245b7                _HOSTopen
0002452a                _HOSTread
0002447c                _HOSTrename
0002441e                _HOSTtime
000243b4                _HOSTunlink
00024327                _HOSTwrite
0002164d                _I2C_config
00022018                _I2C_eventDisable
00021ee4                _I2C_eventEnable
000217b2                _I2C_getConfig
000221c4                _I2C_getEventId
000215a4                _I2C_init
00021cc6                _I2C_read
00022137                _I2C_setCallback
00021888                _I2C_setup
00021a82                _I2C_write
00022615                _I2S_close
000221e0                _I2S_open
000226c7                _I2S_read
00022ad7                _I2S_reset
00022327                _I2S_setup
00022b88                _I2S_transEnable
00022981                _I2S_write
000238af                _IRQ_clear
00023919                _IRQ_clearAll
00023929                _IRQ_config
00023a4f                _IRQ_disable
00023acd                _IRQ_disableAll
00023adb                _IRQ_enable
00023bd5                _IRQ_getArg
000239bc                _IRQ_getConfig
00023d23                _IRQ_globalDisable
00023d3c                _IRQ_globalEnable
00023d55                _IRQ_globalRestore
00023815                _IRQ_init
00023c4e                _IRQ_map
00026d14                _IRQ_plug
00023b65                _IRQ_restore
00023c1b                _IRQ_setArg
00023c80                _IRQ_setVecs
00023cb1                _IRQ_test
0004ff00                _Reset
0004fe00                _VECSTART
            00020000    __CIOBUF_
000237bc                __I2S_init
            00001060    __STACK_END
00002000                __STACK_SIZE
00002000                __SYSMEM_SIZE
00001000                __SYSSTACK_SIZE
00000001                __TI_args_main
ffffffff                ___binit__
ffffffff                ___bss__
ffffffff                ___c_args__
            00020120    ___cinit__
ffffffff                ___data__
ffffffff                ___edata__
ffffffff                ___end__
ffffffff                ___etext__
00027633                ___isinf
ffffffff                ___pinit__
ffffffff                ___text__
00025b1f                __addd
0002742d                __args_main
00025763                __cleanup
            00003094    __cleanup_ptr
00025f0b                __cmpd
            0000320e    __ctypes_
00024c89                __divd
000274c3                __divli
00025aea                __divlli
000275e6                __divu
00026be5                __divul
000259f6                __divull
0002691d                __doflush
            00003096    __dtors_ptr
00025ed7                __eqld
000275bc                __fixdi
0002707a                __fixdli
0002722e                __fltlid
00026f1f                __frcmpyd
00026f95                __frcmpyd_div
            00002d80    __ft_end
            00002c68    __ftable
00025e8d                __geqd
00025e42                __gtrd
00025df5                __leqd
            00003090    __lock
00025dad                __lssd
00026258                __mpyd
00027661                __mpyli
0002593e                __mpylli
00027686                __negd
00025d79                __neqd
00027684                __nop
00021362                __printfi
00026731                __rd_ok
0002767c                __register_lock
00027674                __register_unlock
00027478                __remli
0002590f                __remlli
000275fb                __remu
00027008                __remul
000258c1                __remull
            00000060    __stack
0002764d                __subd
            00001860    __sys_memory
            00001060    __sysstack
            00002ce0    __tmpnams
            00003092    __unlock
000266b1                __wrt_ok
000276a0                _abort
000241bc                _add_device
000268f2                _aic3204_codec_read
00026909                _aic3204_codec_write
000268e1                _aic3204_disable
00025055                _aic3204_dma_init
000268cf                _aic3204_hardware_init
00023260                _aic3204_init
000251e0                _aic3204_read_block
00025295                _aic3204_write_block
00027295                _atoi
00027395                _auto_init
00027588                _c_int00
00024c63                _calloc
00024c5b                _chkheap
0002540e                _clearLCD
00024149                _close
            0000330f    _consolas_8ptBitmaps
            00002d81    _counter1
            00002d82    _counter2
0002754a                _exit
00026ea4                _fclose
00026986                _fflush
00024140                _find_registered_device
000263a4                _first_order_IIR
00025886                _fopen
00026b3f                _fputc
000260f5                _fputs
000247d4                _free
00024c05                _free_memory
000257bd                _freopen
            00003071    _fsError
000271c3                _fseek
            00003074    _gI2cObj
000242ac                _getenv
            0000308e    _hGpio
            00003098    _hI2s
            00003084    _i2cHandle
00025370                _initPrintNumber
000240da                _lseek
00026e27                _ltoa
000273e2                _main
00024905                _malloc
00024bab                _max_free
00027610                _memccpy
0002750b                _memcpy
000248a0                _minit
0002401b                _open
            00003072    _ouError
000254dc                _printChar
00027345                _printf
00026b3f                _putc
00026bd6                _putchar
0002622a                _puts
00023f6d                _read
00027156                _readmsg
000249fa                _realloc
00027696                _remove
00023f37                _remove_device
00023ede                _rename
            00002d84    _sampleBufferL
            00002e04    _sampleBufferR
0002640b                _second_order_IIR
000254ba                _setWritePointerToFirstChar
00023451                _set_sampling_frequency_and_gain
000265cb                _setvbuf
00026b13                _shelvingHP
00026a99                _shelvingLP
00026b29                _shelvingPeek
            0000336f    _sign_width
00023eab                _unlink
00023d69                _write
000269df                _writemsg
ffffffff                binit
            00020120    cinit
ffffffff                edata
ffffffff                end
ffffffff                etext
ffffffff                pinit


GLOBAL SYMBOLS: SORTED BY Symbol Address 

abs. value/
byte addr   word addr   name
---------   ---------   ----
00000001                $TI_capability_requires_rev3
00000001                __TI_args_main
00000002                $TI_capability$C5500$CallingConvention
00000002                $TI_capability$C5500$MemoryModel
            00000060    __stack
00001000                __SYSSTACK_SIZE
00002000                __STACK_SIZE
00002000                __SYSMEM_SIZE
            00001060    __STACK_END
            00001060    __sysstack
            00001860    __sys_memory
            00002868    _DMA_InputL
            00002968    _DMA_InputR
            00002a68    _DMA_OutputL
            00002b68    _DMA_OutputR
            00002c68    __ftable
            00002ce0    __tmpnams
            00002d80    __ft_end
            00002d81    _counter1
            00002d82    _counter2
            00002d84    _sampleBufferL
            00002e04    _sampleBufferR
            00003071    _fsError
            00003072    _ouError
            00003074    _gI2cObj
            00003084    _i2cHandle
            0000308c    _GpioObj
            0000308e    _hGpio
            00003090    __lock
            00003092    __unlock
            00003094    __cleanup_ptr
            00003096    __dtors_ptr
            00003098    _hI2s
            0000320e    __ctypes_
            0000330f    _consolas_8ptBitmaps
            0000336f    _sign_width
00021362                __printfi
000215a4                _I2C_init
0002164d                _I2C_config
000217b2                _I2C_getConfig
00021888                _I2C_setup
00021a82                _I2C_write
00021cc6                _I2C_read
00021ee4                _I2C_eventEnable
00022018                _I2C_eventDisable
00022137                _I2C_setCallback
000221c4                _I2C_getEventId
000221e0                _I2S_open
00022327                _I2S_setup
00022615                _I2S_close
000226c7                _I2S_read
00022981                _I2S_write
00022ad7                _I2S_reset
00022b88                _I2S_transEnable
00022bd3                _GPIO_open
00022c17                _GPIO_close
00022c3b                _GPIO_config
00022cc0                _GPIO_getConfig
00022d48                _GPIO_read
00022dcb                _GPIO_write
00022e6e                _GPIO_configBit
00022fb6                _GPIO_disableInt
00023034                _GPIO_enableInt
000230be                _GPIO_clearInt
0002314a                _GPIO_statusBit
000231d1                _GPIO_reset
00023260                _aic3204_init
00023451                _set_sampling_frequency_and_gain
000237bc                __I2S_init
00023815                _IRQ_init
000238af                _IRQ_clear
00023919                _IRQ_clearAll
00023929                _IRQ_config
000239bc                _IRQ_getConfig
00023a4f                _IRQ_disable
00023acd                _IRQ_disableAll
00023adb                _IRQ_enable
00023b65                _IRQ_restore
00023bd5                _IRQ_getArg
00023c1b                _IRQ_setArg
00023c4e                _IRQ_map
00023c80                _IRQ_setVecs
00023cb1                _IRQ_test
00023d23                _IRQ_globalDisable
00023d3c                _IRQ_globalEnable
00023d55                _IRQ_globalRestore
00023d69                _write
00023eab                _unlink
00023ede                _rename
00023f37                _remove_device
00023f6d                _read
0002401b                _open
000240da                _lseek
00024140                _find_registered_device
00024149                _close
000241bc                _add_device
000242ac                _getenv
00024327                _HOSTwrite
000243b4                _HOSTunlink
0002441e                _HOSTtime
0002447c                _HOSTrename
0002452a                _HOSTread
000245b7                _HOSTopen
00024656                _HOSTlseek
0002470b                _HOSTclose
00024776                _HOSTclock
000247d4                _free
000248a0                _minit
00024905                _malloc
000249fa                _realloc
00024bab                _max_free
00024c05                _free_memory
00024c5b                _chkheap
00024c63                _calloc
00024c89                __divd
00025055                _aic3204_dma_init
000251e0                _aic3204_read_block
00025295                _aic3204_write_block
00025370                _initPrintNumber
0002540e                _clearLCD
000254ba                _setWritePointerToFirstChar
000254dc                _printChar
00025763                __cleanup
000257bd                _freopen
00025886                _fopen
000258c1                __remull
0002590f                __remlli
0002593e                __mpylli
000259f6                __divull
00025aea                __divlli
00025b1f                __addd
00025d79                __neqd
00025dad                __lssd
00025df5                __leqd
00025e42                __gtrd
00025e8d                __geqd
00025ed7                __eqld
00025f0b                __cmpd
00025f63                _EZDSP5535_OSD9616_send
00025f8b                _EZDSP5535_OSD9616_multiSend
00025fd6                _EZDSP5535_OSD9616_init
000260b8                _EZDSP5535_OSD9616_printLetter
000260f5                _fputs
0002622a                _puts
00026258                __mpyd
000263a4                _first_order_IIR
0002640b                _second_order_IIR
000264c4                _EZDSP5535_I2S_init
0002651d                _EZDSP5535_I2S_readLeft
0002654f                _EZDSP5535_I2S_writeLeft
0002657c                _EZDSP5535_I2S_readRight
0002659d                _EZDSP5535_I2S_writeRight
000265b9                _EZDSP5535_I2S_close
000265cb                _setvbuf
000266b1                __wrt_ok
00026731                __rd_ok
0002685a                _AIC3204_rget
000268a5                _AIC3204_rset
000268cf                _aic3204_hardware_init
000268e1                _aic3204_disable
000268f2                _aic3204_codec_read
00026909                _aic3204_codec_write
0002691d                __doflush
00026986                _fflush
000269df                _writemsg
00026a94                C$$IO$$
00026a99                _shelvingLP
00026b13                _shelvingHP
00026b29                _shelvingPeek
00026b3f                _fputc
00026b3f                _putc
00026bd6                _putchar
00026be5                __divul
00026c86                _EZDSP5535_I2C_init
00026cbb                _EZDSP5535_I2C_reset
00026cc6                _EZDSP5535_I2C_write
00026cec                _EZDSP5535_I2C_read
00026d14                _IRQ_plug
00026da0                _EZDSP5535_GPIO_init
00026dcb                _EZDSP5535_GPIO_setDirection
00026def                _EZDSP5535_GPIO_setOutput
00026e09                _EZDSP5535_GPIO_getInput
00026e27                _ltoa
00026ea4                _fclose
00026f1f                __frcmpyd
00026f95                __frcmpyd_div
00027008                __remul
0002707a                __fixdli
00027156                _readmsg
000271c3                _fseek
0002722e                __fltlid
00027295                _atoi
000272f1                _EZDSP5535_wait
00027325                _EZDSP5535_waitusec
00027337                _EZDSP5535_init
00027345                _printf
00027395                _auto_init
000273e2                _main
0002742d                __args_main
00027478                __remli
000274c3                __divli
0002750b                _memcpy
0002754a                _exit
00027588                _c_int00
000275bc                __fixdi
000275e6                I$$UDIV
000275e6                __divu
000275fb                I$$UMOD
000275fb                __remu
00027610                _memccpy
00027633                ___isinf
0002764d                __subd
00027661                I$$LMPY
00027661                __mpyli
00027674                __register_unlock
0002767c                __register_lock
00027684                __nop
00027686                __negd
00027696                _remove
000276a0                _abort
000276a1                C$$EXIT
            00020000    __CIOBUF_
            00020120    ___cinit__
            00020120    cinit
0004fe00                RST
0004fe00                _VECSTART
0004ff00                _Reset
ffffffff                .bss
ffffffff                .data
ffffffff                .text
ffffffff                ___binit__
ffffffff                ___bss__
ffffffff                ___c_args__
ffffffff                ___data__
ffffffff                ___edata__
ffffffff                ___end__
ffffffff                ___etext__
ffffffff                ___pinit__
ffffffff                ___text__
ffffffff                binit
ffffffff                edata
ffffffff                end
ffffffff                etext
ffffffff                pinit

[244 symbols]
